8
[1 2 3 0 0 0 0 0]
3
0
100
3
[[1 2 3] [4 5 6] [7 8 9]]
[4 5 6]
3
[10 20 30]
777
6
[4 8 15 16 23 42]
16
panic: runtime error: index out of range [10] with length 6
