5
6
7
8
[1 2 3 0 0 0 0 0 0 0]
[0 2 3 0 0 1 0 0 0 0]
