42
-42
false
true
false
false
true
true
59
25
714
2
8
