5
42
25
0
1
8
27
64
125
216
343
512
729
1000
1331
1728
2197
2744
3375
4096
1
2
3
4
5
true
