val fix: forall a6. (a6 -> a6) -> a6
val it: int -> int
val it: int = 3628800
