val it: int = 120
val it: int = 6227020800
val it: int = 8
val it: int = 514229
val it: int = 0
